// Code generated by TestPretty. DO NOT EDIT.
// GENERATED FILE DO NOT EDIT
1:
-
CREATE VIEW startrek.quotes_per_season (
	season,
	quotes
) AS
	SELECT
		startrek.episodes.season,
		count(
			*
		)
	FROM
		startrek.quotes
		JOIN startrek.episodes ON
				startrek.quotes.episode
				= startrek.episodes.id
	GROUP BY
		startrek.episodes.season

16:
----------------
CREATE VIEW startrek.quotes_per_season (
	season,
	quotes
) AS
	SELECT
		startrek.episodes.season,
		count(*)
	FROM
		startrek.quotes
		JOIN startrek.episodes ON
				startrek.quotes.episode
				= startrek.episodes.id
	GROUP BY
		startrek.episodes.season

38:
--------------------------------------
CREATE VIEW startrek.quotes_per_season (
	season,
	quotes
) AS
	  SELECT startrek.episodes.season,
	         count(*)
	    FROM startrek.quotes
	    JOIN startrek.episodes ON
				startrek.quotes.episode
				= startrek.episodes.id
	GROUP BY startrek.episodes.season

40:
----------------------------------------
CREATE VIEW startrek.quotes_per_season (
	season,
	quotes
) AS   SELECT startrek.episodes.season,
              count(*)
         FROM startrek.quotes
         JOIN startrek.episodes ON
				startrek.quotes.episode
				= startrek.episodes.id
     GROUP BY startrek.episodes.season

48:
------------------------------------------------
CREATE VIEW startrek.quotes_per_season (
	season,
	quotes
) AS   SELECT startrek.episodes.season, count(*)
         FROM startrek.quotes
         JOIN startrek.episodes ON
				startrek.quotes.episode
				= startrek.episodes.id
     GROUP BY startrek.episodes.season

58:
----------------------------------------------------------
CREATE VIEW startrek.quotes_per_season (
	season,
	quotes
) AS   SELECT startrek.episodes.season, count(*)
         FROM startrek.quotes
         JOIN startrek.episodes ON startrek.quotes.episode
                                   = startrek.episodes.id
     GROUP BY startrek.episodes.season

65:
-----------------------------------------------------------------
CREATE VIEW startrek.quotes_per_season (season, quotes) AS SELECT
															startrek.episodes.season,
															count(
																*
															)
                                                           FROM
															startrek.quotes
															JOIN startrek.episodes ON
																	startrek.quotes.episode
																	= startrek.episodes.id
                                                           GROUP BY
															startrek.episodes.season

68:
--------------------------------------------------------------------
CREATE VIEW startrek.quotes_per_season (season, quotes) AS SELECT
															startrek.episodes.season,
															count(*)
                                                           FROM
															startrek.quotes
															JOIN startrek.episodes ON
																	startrek.quotes.episode
																	= startrek.episodes.id
                                                           GROUP BY
															startrek.episodes.season

93:
---------------------------------------------------------------------------------------------
CREATE VIEW startrek.quotes_per_season (season, quotes) AS   SELECT startrek.episodes.season,
                                                                    count(*)
                                                               FROM startrek.quotes
                                                               JOIN startrek.episodes ON
																		startrek.quotes.episode
																		= startrek.episodes.id
                                                           GROUP BY startrek.episodes.season

102:
------------------------------------------------------------------------------------------------------
CREATE VIEW startrek.quotes_per_season (season, quotes) AS   SELECT startrek.episodes.season, count(*)
                                                               FROM startrek.quotes
                                                               JOIN startrek.episodes ON
																		startrek.quotes.episode
																		= startrek.episodes.id
                                                           GROUP BY startrek.episodes.season

112:
----------------------------------------------------------------------------------------------------------------
CREATE VIEW startrek.quotes_per_season (season, quotes) AS   SELECT startrek.episodes.season, count(*)
                                                               FROM startrek.quotes
                                                               JOIN startrek.episodes ON startrek.quotes.episode
                                                                                         = startrek.episodes.id
                                                           GROUP BY startrek.episodes.season

135:
---------------------------------------------------------------------------------------------------------------------------------------
CREATE VIEW startrek.quotes_per_season (season, quotes) AS   SELECT startrek.episodes.season, count(*)
                                                               FROM startrek.quotes
                                                               JOIN startrek.episodes ON startrek.quotes.episode = startrek.episodes.id
                                                           GROUP BY startrek.episodes.season

156:
------------------------------------------------------------------------------------------------------------------------------------------------------------
CREATE VIEW startrek.quotes_per_season (season, quotes) AS   SELECT startrek.episodes.season, count(*)
                                                               FROM startrek.quotes JOIN startrek.episodes ON startrek.quotes.episode = startrek.episodes.id
                                                           GROUP BY startrek.episodes.season

228:
------------------------------------------------------------------------------------------------------------------------------------------------------------------------------------------------------------------------------------
CREATE VIEW startrek.quotes_per_season (season, quotes) AS SELECT startrek.episodes.season, count(*) FROM startrek.quotes JOIN startrek.episodes ON startrek.quotes.episode = startrek.episodes.id GROUP BY startrek.episodes.season


