// Code generated by TestPretty. DO NOT EDIT.
// GENERATED FILE DO NOT EDIT
1:
-
SELECT
	NULL
		AS table_cat,
	n.nspname
		AS table_schem,
	ct.relname
		AS table_name,
	a.attname
		AS column_name,
	(i.keys).n
		AS key_seq,
	ci.relname
		AS pk_name
FROM
	pg_catalog.pg_class
		AS ct
	JOIN pg_catalog.pg_attribute
			AS a ON
			ct.oid
			= a.attrelid
	JOIN pg_catalog.pg_namespace
			AS n ON
			ct.relnamespace
			= n.oid
	JOIN (
			SELECT
				i.indexrelid,
				i.indrelid,
				i.indisprimary,
				information_schema._pg_expandarray(
					i.indkey
				)
					AS keys
			FROM
				pg_catalog.pg_index
					AS i
		)
			AS i ON
			a.attnum
			= (i.keys).x
			AND a.attrelid
				= i.indrelid
	JOIN pg_catalog.pg_class
			AS ci ON
			ci.oid
			= i.indexrelid
WHERE
	true
	AND ct.relname
		= 'j'
	AND i.indisprimary
ORDER BY
	table_name,
	pk_name,
	key_seq

10:
----------
SELECT
	NULL
		AS table_cat,
	n.nspname
		AS table_schem,
	ct.relname
		AS table_name,
	a.attname
		AS column_name,
	(i.keys).n
		AS key_seq,
	ci.relname
		AS pk_name
FROM
	pg_catalog.pg_class
		AS ct
	JOIN pg_catalog.pg_attribute
			AS a ON
			ct.oid
			= a.attrelid
	JOIN pg_catalog.pg_namespace
			AS n ON
			ct.relnamespace
			= n.oid
	JOIN (
			SELECT
				i.indexrelid,
				i.indrelid,
				i.indisprimary,
				information_schema._pg_expandarray(
					i.indkey
				)
					AS keys
			FROM
				pg_catalog.pg_index
					AS i
		) AS i ON
			a.attnum
			= (i.keys).x
			AND a.attrelid
				= i.indrelid
	JOIN pg_catalog.pg_class
			AS ci ON
			ci.oid
			= i.indexrelid
WHERE
	true
	AND ct.relname
		= 'j'
	AND i.indisprimary
ORDER BY
	table_name,
	pk_name,
	key_seq

13:
-------------
  SELECT NULL
			AS table_cat,
         n.nspname
			AS table_schem,
         ct.relname
			AS table_name,
         a.attname
			AS column_name,
         (i.keys).n
			AS key_seq,
         ci.relname
			AS pk_name
    FROM pg_catalog.pg_class
			AS ct
    JOIN pg_catalog.pg_attribute
			AS a ON
			ct.oid
			= a.attrelid
    JOIN pg_catalog.pg_namespace
			AS n ON
			ct.relnamespace
			= n.oid
    JOIN (
			SELECT
				i.indexrelid,
				i.indrelid,
				i.indisprimary,
				information_schema._pg_expandarray(
					i.indkey
				)
					AS keys
			FROM
				pg_catalog.pg_index
					AS i
         ) AS i ON
			a.attnum
			= (i.keys).x
			AND a.attrelid
				= i.indrelid
    JOIN pg_catalog.pg_class
			AS ci ON
			ci.oid
			= i.indexrelid
   WHERE true
     AND ct.relname
         = 'j'
     AND i.indisprimary
ORDER BY table_name,
         pk_name,
         key_seq

25:
-------------------------
  SELECT NULL
			AS table_cat,
         n.nspname
			AS table_schem,
         ct.relname
			AS table_name,
         a.attname
			AS column_name,
         (i.keys).n
			AS key_seq,
         ci.relname
			AS pk_name
    FROM pg_catalog.pg_class
			AS ct
    JOIN pg_catalog.pg_attribute
			AS a ON
			ct.oid
			= a.attrelid
    JOIN pg_catalog.pg_namespace
			AS n ON
			ct.relnamespace
			= n.oid
    JOIN (
			SELECT
				i.indexrelid,
				i.indrelid,
				i.indisprimary,
				information_schema._pg_expandarray(
					i.indkey
				)
					AS keys
			FROM
				pg_catalog.pg_index
					AS i
         ) AS i ON
			a.attnum
			= (i.keys).x
			AND a.attrelid
				= i.indrelid
    JOIN pg_catalog.pg_class
			AS ci ON
			ci.oid
			= i.indexrelid
   WHERE true
     AND ct.relname = 'j'
     AND i.indisprimary
ORDER BY table_name,
         pk_name,
         key_seq

26:
--------------------------
  SELECT NULL
			AS table_cat,
         n.nspname
			AS table_schem,
         ct.relname
			AS table_name,
         a.attname
			AS column_name,
         (i.keys).n
			AS key_seq,
         ci.relname
			AS pk_name
    FROM pg_catalog.pg_class
			AS ct
    JOIN pg_catalog.pg_attribute
			AS a ON ct.oid
        = a.attrelid
    JOIN pg_catalog.pg_namespace
			AS n ON
			ct.relnamespace
			= n.oid
    JOIN (
			SELECT
				i.indexrelid,
				i.indrelid,
				i.indisprimary,
				information_schema._pg_expandarray(
					i.indkey
				)
					AS keys
			FROM
				pg_catalog.pg_index
					AS i
         ) AS i ON
			a.attnum
			= (i.keys).x
			AND a.attrelid
				= i.indrelid
    JOIN pg_catalog.pg_class
			AS ci ON
			ci.oid
			= i.indexrelid
   WHERE true
     AND ct.relname = 'j'
     AND i.indisprimary
ORDER BY table_name,
         pk_name,
         key_seq

27:
---------------------------
  SELECT NULL AS table_cat,
         n.nspname
			AS table_schem,
         ct.relname
			AS table_name,
         a.attname
			AS column_name,
         (i.keys).n
			AS key_seq,
         ci.relname
			AS pk_name
    FROM pg_catalog.pg_class
			AS ct
    JOIN pg_catalog.pg_attribute
			AS a ON ct.oid
        = a.attrelid
    JOIN pg_catalog.pg_namespace
			AS n ON
			ct.relnamespace
			= n.oid
    JOIN (
			SELECT
				i.indexrelid,
				i.indrelid,
				i.indisprimary,
				information_schema._pg_expandarray(
					i.indkey
				)
					AS keys
			FROM
				pg_catalog.pg_index
					AS i
         ) AS i ON a.attnum
                   = (i.keys).x
               AND a.attrelid
                   = i.indrelid
    JOIN pg_catalog.pg_class
			AS ci ON ci.oid
         = i.indexrelid
   WHERE true
     AND ct.relname = 'j'
     AND i.indisprimary
ORDER BY table_name,
         pk_name,
         key_seq

30:
------------------------------
  SELECT NULL AS table_cat,
         n.nspname
			AS table_schem,
         ct.relname
			AS table_name,
         a.attname
			AS column_name,
         (i.keys).n
			AS key_seq,
         ci.relname AS pk_name
    FROM pg_catalog.pg_class
			AS ct
    JOIN pg_catalog.pg_attribute
			AS a ON ct.oid
        = a.attrelid
    JOIN pg_catalog.pg_namespace
			AS n ON
			ct.relnamespace
			= n.oid
    JOIN (
			SELECT
				i.indexrelid,
				i.indrelid,
				i.indisprimary,
				information_schema._pg_expandarray(
					i.indkey
				)
					AS keys
			FROM
				pg_catalog.pg_index
					AS i
         ) AS i ON a.attnum
                   = (i.keys).x
               AND a.attrelid
                   = i.indrelid
    JOIN pg_catalog.pg_class
			AS ci ON ci.oid
         = i.indexrelid
   WHERE true
     AND ct.relname = 'j'
     AND i.indisprimary
ORDER BY table_name,
         pk_name,
         key_seq

31:
-------------------------------
  SELECT NULL AS table_cat,
         n.nspname
			AS table_schem,
         ct.relname
			AS table_name,
         a.attname
			AS column_name,
         (i.keys).n AS key_seq,
         ci.relname AS pk_name
    FROM pg_catalog.pg_class
			AS ct
    JOIN pg_catalog.pg_attribute
			AS a ON ct.oid
        = a.attrelid
    JOIN pg_catalog.pg_namespace
			AS n ON
			ct.relnamespace
			= n.oid
    JOIN (
			SELECT
				i.indexrelid,
				i.indrelid,
				i.indisprimary,
				information_schema._pg_expandarray(
					i.indkey
				)
					AS keys
			FROM
				pg_catalog.pg_index
					AS i
         ) AS i ON a.attnum
                   = (i.keys).x
               AND a.attrelid
                   = i.indrelid
    JOIN pg_catalog.pg_class
			AS ci ON ci.oid
         = i.indexrelid
   WHERE true
     AND ct.relname = 'j'
     AND i.indisprimary
ORDER BY table_name,
         pk_name,
         key_seq

32:
--------------------------------
  SELECT NULL AS table_cat,
         n.nspname
			AS table_schem,
         ct.relname
			AS table_name,
         a.attname
			AS column_name,
         (i.keys).n AS key_seq,
         ci.relname AS pk_name
    FROM pg_catalog.pg_class
			AS ct
    JOIN pg_catalog.pg_attribute
			AS a ON ct.oid
        = a.attrelid
    JOIN pg_catalog.pg_namespace
			AS n ON
			ct.relnamespace
			= n.oid
    JOIN (
			SELECT i.indexrelid,
			       i.indrelid,
			       i.indisprimary,
			       information_schema._pg_expandarray(
					i.indkey
			       )
					AS keys
			  FROM pg_catalog.pg_index
					AS i
         ) AS i ON a.attnum
                   = (i.keys).x
               AND a.attrelid
                   = i.indrelid
    JOIN pg_catalog.pg_class
			AS ci ON ci.oid
         = i.indexrelid
   WHERE true
     AND ct.relname = 'j'
     AND i.indisprimary
ORDER BY table_name,
         pk_name,
         key_seq

34:
----------------------------------
  SELECT NULL AS table_cat,
         n.nspname AS table_schem,
         ct.relname AS table_name,
         a.attname AS column_name,
         (i.keys).n AS key_seq,
         ci.relname AS pk_name
    FROM pg_catalog.pg_class AS ct
    JOIN pg_catalog.pg_attribute
			AS a ON ct.oid
        = a.attrelid
    JOIN pg_catalog.pg_namespace
			AS n ON
			ct.relnamespace
			= n.oid
    JOIN (
			SELECT i.indexrelid,
			       i.indrelid,
			       i.indisprimary,
			       information_schema._pg_expandarray(
					i.indkey
			       )
					AS keys
			  FROM pg_catalog.pg_index
					AS i
         ) AS i ON a.attnum
                   = (i.keys).x
               AND a.attrelid
                   = i.indrelid
    JOIN pg_catalog.pg_class
			AS ci ON ci.oid
         = i.indexrelid
   WHERE true
     AND ct.relname = 'j'
     AND i.indisprimary
ORDER BY table_name,
         pk_name,
         key_seq

35:
-----------------------------------
  SELECT NULL AS table_cat,
         n.nspname AS table_schem,
         ct.relname AS table_name,
         a.attname AS column_name,
         (i.keys).n AS key_seq,
         ci.relname AS pk_name
    FROM pg_catalog.pg_class AS ct
    JOIN pg_catalog.pg_attribute
			AS a ON ct.oid
        = a.attrelid
    JOIN pg_catalog.pg_namespace
			AS n ON ct.relnamespace
        = n.oid
    JOIN (
			SELECT i.indexrelid,
			       i.indrelid,
			       i.indisprimary,
			       information_schema._pg_expandarray(
					i.indkey
			       )
					AS keys
			  FROM pg_catalog.pg_index
					AS i
         ) AS i ON a.attnum
                   = (i.keys).x
               AND a.attrelid
                   = i.indrelid
    JOIN pg_catalog.pg_class
			AS ci ON ci.oid
         = i.indexrelid
   WHERE true
     AND ct.relname = 'j'
     AND i.indisprimary
ORDER BY table_name,
         pk_name,
         key_seq

37:
-------------------------------------
  SELECT NULL AS table_cat,
         n.nspname AS table_schem,
         ct.relname AS table_name,
         a.attname AS column_name,
         (i.keys).n AS key_seq,
         ci.relname AS pk_name
    FROM pg_catalog.pg_class AS ct
    JOIN pg_catalog.pg_attribute
			AS a ON ct.oid
        = a.attrelid
    JOIN pg_catalog.pg_namespace
			AS n ON ct.relnamespace
        = n.oid
    JOIN (
			SELECT i.indexrelid,
			       i.indrelid,
			       i.indisprimary,
			       information_schema._pg_expandarray(
					i.indkey
			       )
					AS keys
			  FROM pg_catalog.pg_index
					AS i
         ) AS i ON a.attnum
                   = (i.keys).x
               AND a.attrelid
                   = i.indrelid
    JOIN pg_catalog.pg_class AS ci ON
			ci.oid = i.indexrelid
   WHERE true
     AND ct.relname = 'j'
     AND i.indisprimary
ORDER BY table_name, pk_name, key_seq

39:
---------------------------------------
  SELECT NULL AS table_cat,
         n.nspname AS table_schem,
         ct.relname AS table_name,
         a.attname AS column_name,
         (i.keys).n AS key_seq,
         ci.relname AS pk_name
    FROM pg_catalog.pg_class AS ct
    JOIN pg_catalog.pg_attribute
			AS a ON ct.oid = a.attrelid
    JOIN pg_catalog.pg_namespace
			AS n ON ct.relnamespace
        = n.oid
    JOIN (
			SELECT i.indexrelid,
			       i.indrelid,
			       i.indisprimary,
			       information_schema._pg_expandarray(
					i.indkey
			       )
					AS keys
			  FROM pg_catalog.pg_index
					AS i
         ) AS i ON a.attnum
                   = (i.keys).x
               AND a.attrelid
                   = i.indrelid
    JOIN pg_catalog.pg_class AS ci ON
			ci.oid = i.indexrelid
   WHERE true
     AND ct.relname = 'j'
     AND i.indisprimary
ORDER BY table_name, pk_name, key_seq

40:
----------------------------------------
  SELECT NULL AS table_cat,
         n.nspname AS table_schem,
         ct.relname AS table_name,
         a.attname AS column_name,
         (i.keys).n AS key_seq,
         ci.relname AS pk_name
    FROM pg_catalog.pg_class AS ct
    JOIN pg_catalog.pg_attribute AS a ON
			ct.oid = a.attrelid
    JOIN pg_catalog.pg_namespace AS n ON
			ct.relnamespace = n.oid
    JOIN (
			SELECT i.indexrelid,
			       i.indrelid,
			       i.indisprimary,
			       information_schema._pg_expandarray(
					i.indkey
			       )
					AS keys
			  FROM pg_catalog.pg_index
					AS i
         ) AS i ON a.attnum = (i.keys).x
               AND a.attrelid
                   = i.indrelid
    JOIN pg_catalog.pg_class AS ci ON
			ci.oid = i.indexrelid
   WHERE true
     AND ct.relname = 'j'
     AND i.indisprimary
ORDER BY table_name, pk_name, key_seq

42:
------------------------------------------
  SELECT NULL AS table_cat,
         n.nspname AS table_schem,
         ct.relname AS table_name,
         a.attname AS column_name,
         (i.keys).n AS key_seq,
         ci.relname AS pk_name
    FROM pg_catalog.pg_class AS ct
    JOIN pg_catalog.pg_attribute AS a ON
			ct.oid = a.attrelid
    JOIN pg_catalog.pg_namespace AS n ON
			ct.relnamespace = n.oid
    JOIN (
			SELECT i.indexrelid,
			       i.indrelid,
			       i.indisprimary,
			       information_schema._pg_expandarray(
					i.indkey
			       )
					AS keys
			  FROM pg_catalog.pg_index
					AS i
         ) AS i ON a.attnum = (i.keys).x
               AND a.attrelid = i.indrelid
    JOIN pg_catalog.pg_class AS ci ON
			ci.oid = i.indexrelid
   WHERE true
     AND ct.relname = 'j'
     AND i.indisprimary
ORDER BY table_name, pk_name, key_seq

43:
-------------------------------------------
  SELECT NULL AS table_cat,
         n.nspname AS table_schem,
         ct.relname AS table_name,
         a.attname AS column_name,
         (i.keys).n AS key_seq,
         ci.relname AS pk_name
    FROM pg_catalog.pg_class AS ct
    JOIN pg_catalog.pg_attribute AS a ON
			ct.oid = a.attrelid
    JOIN pg_catalog.pg_namespace AS n ON
			ct.relnamespace = n.oid
    JOIN (
			SELECT i.indexrelid,
			       i.indrelid,
			       i.indisprimary,
			       information_schema._pg_expandarray(
					i.indkey
			       )
					AS keys
			  FROM pg_catalog.pg_index AS i
         ) AS i ON a.attnum = (i.keys).x
               AND a.attrelid = i.indrelid
    JOIN pg_catalog.pg_class AS ci ON
			ci.oid = i.indexrelid
   WHERE true
     AND ct.relname = 'j'
     AND i.indisprimary
ORDER BY table_name, pk_name, key_seq

44:
--------------------------------------------
  SELECT NULL AS table_cat,
         n.nspname AS table_schem,
         ct.relname AS table_name,
         a.attname AS column_name,
         (i.keys).n AS key_seq,
         ci.relname AS pk_name
    FROM pg_catalog.pg_class AS ct
    JOIN pg_catalog.pg_attribute AS a ON
			ct.oid = a.attrelid
    JOIN pg_catalog.pg_namespace AS n ON
			ct.relnamespace = n.oid
    JOIN (
			SELECT i.indexrelid,
			       i.indrelid,
			       i.indisprimary,
			       information_schema._pg_expandarray(
					i.indkey
			       )
					AS keys
			  FROM pg_catalog.pg_index AS i
         ) AS i ON a.attnum = (i.keys).x
               AND a.attrelid = i.indrelid
    JOIN pg_catalog.pg_class AS ci ON ci.oid
                                      = i.indexrelid
   WHERE true
     AND ct.relname = 'j'
     AND i.indisprimary
ORDER BY table_name, pk_name, key_seq

47:
-----------------------------------------------
  SELECT NULL AS table_cat,
         n.nspname AS table_schem,
         ct.relname AS table_name,
         a.attname AS column_name,
         (i.keys).n AS key_seq,
         ci.relname AS pk_name
    FROM pg_catalog.pg_class AS ct
    JOIN pg_catalog.pg_attribute AS a ON ct.oid
                                         = a.attrelid
    JOIN pg_catalog.pg_namespace AS n ON
			ct.relnamespace = n.oid
    JOIN (
			SELECT i.indexrelid,
			       i.indrelid,
			       i.indisprimary,
			       information_schema._pg_expandarray(
					i.indkey
			       )
					AS keys
			  FROM pg_catalog.pg_index AS i
         ) AS i ON a.attnum = (i.keys).x
               AND a.attrelid = i.indrelid
    JOIN pg_catalog.pg_class AS ci ON ci.oid
                                      = i.indexrelid
   WHERE true
     AND ct.relname = 'j'
     AND i.indisprimary
ORDER BY table_name, pk_name, key_seq

53:
-----------------------------------------------------
  SELECT NULL AS table_cat,
         n.nspname AS table_schem,
         ct.relname AS table_name,
         a.attname AS column_name,
         (i.keys).n AS key_seq,
         ci.relname AS pk_name
    FROM pg_catalog.pg_class AS ct
    JOIN pg_catalog.pg_attribute AS a ON ct.oid
                                         = a.attrelid
    JOIN pg_catalog.pg_namespace AS n ON
			ct.relnamespace = n.oid
    JOIN (
			SELECT i.indexrelid,
			       i.indrelid,
			       i.indisprimary,
			       information_schema._pg_expandarray(
					i.indkey
			       )
					AS keys
			  FROM pg_catalog.pg_index AS i
         ) AS i ON a.attnum = (i.keys).x
               AND a.attrelid = i.indrelid
    JOIN pg_catalog.pg_class AS ci ON ci.oid
                                      = i.indexrelid
   WHERE true AND ct.relname = 'j' AND i.indisprimary
ORDER BY table_name, pk_name, key_seq

54:
------------------------------------------------------
  SELECT NULL AS table_cat,
         n.nspname AS table_schem,
         ct.relname AS table_name,
         a.attname AS column_name,
         (i.keys).n AS key_seq,
         ci.relname AS pk_name
    FROM pg_catalog.pg_class AS ct
    JOIN pg_catalog.pg_attribute AS a ON ct.oid
                                         = a.attrelid
    JOIN pg_catalog.pg_namespace AS n ON
			ct.relnamespace = n.oid
    JOIN (
			SELECT i.indexrelid,
			       i.indrelid,
			       i.indisprimary,
			       information_schema._pg_expandarray(
					i.indkey
			       ) AS keys
			  FROM pg_catalog.pg_index AS i
         ) AS i ON a.attnum = (i.keys).x
               AND a.attrelid = i.indrelid
    JOIN pg_catalog.pg_class AS ci ON ci.oid
                                      = i.indexrelid
   WHERE true AND ct.relname = 'j' AND i.indisprimary
ORDER BY table_name, pk_name, key_seq

56:
--------------------------------------------------------
  SELECT NULL AS table_cat,
         n.nspname AS table_schem,
         ct.relname AS table_name,
         a.attname AS column_name,
         (i.keys).n AS key_seq,
         ci.relname AS pk_name
    FROM pg_catalog.pg_class AS ct
    JOIN pg_catalog.pg_attribute AS a ON ct.oid
                                         = a.attrelid
    JOIN pg_catalog.pg_namespace AS n ON ct.relnamespace
                                         = n.oid
    JOIN (
			SELECT i.indexrelid,
			       i.indrelid,
			       i.indisprimary,
			       information_schema._pg_expandarray(
					i.indkey
			       ) AS keys
			  FROM pg_catalog.pg_index AS i
         ) AS i ON a.attnum = (i.keys).x
               AND a.attrelid = i.indrelid
    JOIN pg_catalog.pg_class AS ci ON ci.oid
                                      = i.indexrelid
   WHERE true AND ct.relname = 'j' AND i.indisprimary
ORDER BY table_name, pk_name, key_seq

59:
-----------------------------------------------------------
  SELECT NULL AS table_cat,
         n.nspname AS table_schem,
         ct.relname AS table_name,
         a.attname AS column_name,
         (i.keys).n AS key_seq,
         ci.relname AS pk_name
    FROM pg_catalog.pg_class AS ct
    JOIN pg_catalog.pg_attribute AS a ON ct.oid
                                         = a.attrelid
    JOIN pg_catalog.pg_namespace AS n ON ct.relnamespace
                                         = n.oid
    JOIN (
			SELECT i.indexrelid,
			       i.indrelid,
			       i.indisprimary,
			       information_schema._pg_expandarray(
					i.indkey
			       ) AS keys
			  FROM pg_catalog.pg_index AS i
         ) AS i ON a.attnum = (i.keys).x
               AND a.attrelid = i.indrelid
    JOIN pg_catalog.pg_class AS ci ON ci.oid = i.indexrelid
   WHERE true AND ct.relname = 'j' AND i.indisprimary
ORDER BY table_name, pk_name, key_seq

60:
------------------------------------------------------------
  SELECT NULL AS table_cat,
         n.nspname AS table_schem,
         ct.relname AS table_name,
         a.attname AS column_name,
         (i.keys).n AS key_seq,
         ci.relname AS pk_name
    FROM pg_catalog.pg_class AS ct
    JOIN pg_catalog.pg_attribute AS a ON ct.oid = a.attrelid
    JOIN pg_catalog.pg_namespace AS n ON ct.relnamespace
                                         = n.oid
    JOIN (
			SELECT i.indexrelid,
			       i.indrelid,
			       i.indisprimary,
			       information_schema._pg_expandarray(
					i.indkey
			       ) AS keys
			  FROM pg_catalog.pg_index AS i
         ) AS i ON a.attnum = (i.keys).x
               AND a.attrelid = i.indrelid
    JOIN pg_catalog.pg_class AS ci ON ci.oid = i.indexrelid
   WHERE true AND ct.relname = 'j' AND i.indisprimary
ORDER BY table_name, pk_name, key_seq

64:
----------------------------------------------------------------
  SELECT NULL AS table_cat,
         n.nspname AS table_schem,
         ct.relname AS table_name,
         a.attname AS column_name,
         (i.keys).n AS key_seq,
         ci.relname AS pk_name
    FROM pg_catalog.pg_class AS ct
    JOIN pg_catalog.pg_attribute AS a ON ct.oid = a.attrelid
    JOIN pg_catalog.pg_namespace AS n ON ct.relnamespace = n.oid
    JOIN (
			SELECT i.indexrelid,
			       i.indrelid,
			       i.indisprimary,
			       information_schema._pg_expandarray(
					i.indkey
			       ) AS keys
			  FROM pg_catalog.pg_index AS i
         ) AS i ON a.attnum = (i.keys).x
               AND a.attrelid = i.indrelid
    JOIN pg_catalog.pg_class AS ci ON ci.oid = i.indexrelid
   WHERE true AND ct.relname = 'j' AND i.indisprimary
ORDER BY table_name, pk_name, key_seq

68:
--------------------------------------------------------------------
  SELECT NULL AS table_cat,
         n.nspname AS table_schem,
         ct.relname AS table_name,
         a.attname AS column_name,
         (i.keys).n AS key_seq,
         ci.relname AS pk_name
    FROM pg_catalog.pg_class AS ct
    JOIN pg_catalog.pg_attribute AS a ON ct.oid = a.attrelid
    JOIN pg_catalog.pg_namespace AS n ON ct.relnamespace = n.oid
    JOIN (
			SELECT i.indexrelid,
			       i.indrelid,
			       i.indisprimary,
			       information_schema._pg_expandarray(
					i.indkey
			       ) AS keys
			  FROM pg_catalog.pg_index AS i
         ) AS i ON a.attnum = (i.keys).x AND a.attrelid = i.indrelid
    JOIN pg_catalog.pg_class AS ci ON ci.oid = i.indexrelid
   WHERE true AND ct.relname = 'j' AND i.indisprimary
ORDER BY table_name, pk_name, key_seq

71:
-----------------------------------------------------------------------
  SELECT NULL AS table_cat,
         n.nspname AS table_schem,
         ct.relname AS table_name,
         a.attname AS column_name,
         (i.keys).n AS key_seq,
         ci.relname AS pk_name
    FROM pg_catalog.pg_class AS ct
    JOIN pg_catalog.pg_attribute AS a ON ct.oid = a.attrelid
    JOIN pg_catalog.pg_namespace AS n ON ct.relnamespace = n.oid
    JOIN (
			SELECT i.indexrelid,
			       i.indrelid,
			       i.indisprimary,
			       information_schema._pg_expandarray(i.indkey) AS keys
			  FROM pg_catalog.pg_index AS i
         ) AS i ON a.attnum = (i.keys).x AND a.attrelid = i.indrelid
    JOIN pg_catalog.pg_class AS ci ON ci.oid = i.indexrelid
   WHERE true AND ct.relname = 'j' AND i.indisprimary
ORDER BY table_name, pk_name, key_seq

113:
-----------------------------------------------------------------------------------------------------------------
  SELECT NULL AS table_cat,
         n.nspname AS table_schem,
         ct.relname AS table_name,
         a.attname AS column_name,
         (i.keys).n AS key_seq,
         ci.relname AS pk_name
    FROM pg_catalog.pg_class AS ct
    JOIN pg_catalog.pg_attribute AS a ON ct.oid = a.attrelid
    JOIN pg_catalog.pg_namespace AS n ON ct.relnamespace = n.oid
    JOIN (
			SELECT i.indexrelid, i.indrelid, i.indisprimary, information_schema._pg_expandarray(i.indkey) AS keys
			  FROM pg_catalog.pg_index AS i
         ) AS i ON a.attnum = (i.keys).x AND a.attrelid = i.indrelid
    JOIN pg_catalog.pg_class AS ci ON ci.oid = i.indexrelid
   WHERE true AND ct.relname = 'j' AND i.indisprimary
ORDER BY table_name, pk_name, key_seq

143:
-----------------------------------------------------------------------------------------------------------------------------------------------
  SELECT NULL AS table_cat,
         n.nspname AS table_schem,
         ct.relname AS table_name,
         a.attname AS column_name,
         (i.keys).n AS key_seq,
         ci.relname AS pk_name
    FROM pg_catalog.pg_class AS ct
    JOIN pg_catalog.pg_attribute AS a ON ct.oid = a.attrelid
    JOIN pg_catalog.pg_namespace AS n ON ct.relnamespace = n.oid
    JOIN (
			SELECT i.indexrelid, i.indrelid, i.indisprimary, information_schema._pg_expandarray(i.indkey) AS keys FROM pg_catalog.pg_index AS i
         ) AS i ON a.attnum = (i.keys).x AND a.attrelid = i.indrelid
    JOIN pg_catalog.pg_class AS ci ON ci.oid = i.indexrelid
   WHERE true AND ct.relname = 'j' AND i.indisprimary
ORDER BY table_name, pk_name, key_seq

150:
------------------------------------------------------------------------------------------------------------------------------------------------------
  SELECT NULL AS table_cat, n.nspname AS table_schem, ct.relname AS table_name, a.attname AS column_name, (i.keys).n AS key_seq, ci.relname AS pk_name
    FROM pg_catalog.pg_class AS ct
    JOIN pg_catalog.pg_attribute AS a ON ct.oid = a.attrelid
    JOIN pg_catalog.pg_namespace AS n ON ct.relnamespace = n.oid
    JOIN (SELECT i.indexrelid, i.indrelid, i.indisprimary, information_schema._pg_expandarray(i.indkey) AS keys FROM pg_catalog.pg_index AS i) AS i ON
			a.attnum = (i.keys).x AND a.attrelid = i.indrelid
    JOIN pg_catalog.pg_class AS ci ON ci.oid = i.indexrelid
   WHERE true AND ct.relname = 'j' AND i.indisprimary
ORDER BY table_name, pk_name, key_seq

159:
---------------------------------------------------------------------------------------------------------------------------------------------------------------
  SELECT NULL AS table_cat, n.nspname AS table_schem, ct.relname AS table_name, a.attname AS column_name, (i.keys).n AS key_seq, ci.relname AS pk_name
    FROM pg_catalog.pg_class AS ct
    JOIN pg_catalog.pg_attribute AS a ON ct.oid = a.attrelid
    JOIN pg_catalog.pg_namespace AS n ON ct.relnamespace = n.oid
    JOIN (SELECT i.indexrelid, i.indrelid, i.indisprimary, information_schema._pg_expandarray(i.indkey) AS keys FROM pg_catalog.pg_index AS i) AS i ON a.attnum
                                                                                                                                                       = (i.keys).x
                                                                                                                                                   AND a.attrelid
                                                                                                                                                       = i.indrelid
    JOIN pg_catalog.pg_class AS ci ON ci.oid = i.indexrelid
   WHERE true AND ct.relname = 'j' AND i.indisprimary
ORDER BY table_name, pk_name, key_seq

172:
----------------------------------------------------------------------------------------------------------------------------------------------------------------------------
  SELECT NULL AS table_cat, n.nspname AS table_schem, ct.relname AS table_name, a.attname AS column_name, (i.keys).n AS key_seq, ci.relname AS pk_name
    FROM pg_catalog.pg_class AS ct
    JOIN pg_catalog.pg_attribute AS a ON ct.oid = a.attrelid
    JOIN pg_catalog.pg_namespace AS n ON ct.relnamespace = n.oid
    JOIN (SELECT i.indexrelid, i.indrelid, i.indisprimary, information_schema._pg_expandarray(i.indkey) AS keys FROM pg_catalog.pg_index AS i) AS i ON a.attnum = (i.keys).x
                                                                                                                                                   AND a.attrelid
                                                                                                                                                       = i.indrelid
    JOIN pg_catalog.pg_class AS ci ON ci.oid = i.indexrelid
   WHERE true AND ct.relname = 'j' AND i.indisprimary
ORDER BY table_name, pk_name, key_seq

174:
------------------------------------------------------------------------------------------------------------------------------------------------------------------------------
  SELECT NULL AS table_cat, n.nspname AS table_schem, ct.relname AS table_name, a.attname AS column_name, (i.keys).n AS key_seq, ci.relname AS pk_name
    FROM pg_catalog.pg_class AS ct
    JOIN pg_catalog.pg_attribute AS a ON ct.oid = a.attrelid
    JOIN pg_catalog.pg_namespace AS n ON ct.relnamespace = n.oid
    JOIN (SELECT i.indexrelid, i.indrelid, i.indisprimary, information_schema._pg_expandarray(i.indkey) AS keys FROM pg_catalog.pg_index AS i) AS i ON a.attnum = (i.keys).x
                                                                                                                                                   AND a.attrelid = i.indrelid
    JOIN pg_catalog.pg_class AS ci ON ci.oid = i.indexrelid
   WHERE true AND ct.relname = 'j' AND i.indisprimary
ORDER BY table_name, pk_name, key_seq

200:
--------------------------------------------------------------------------------------------------------------------------------------------------------------------------------------------------------
  SELECT NULL AS table_cat, n.nspname AS table_schem, ct.relname AS table_name, a.attname AS column_name, (i.keys).n AS key_seq, ci.relname AS pk_name
    FROM pg_catalog.pg_class AS ct
    JOIN pg_catalog.pg_attribute AS a ON ct.oid = a.attrelid
    JOIN pg_catalog.pg_namespace AS n ON ct.relnamespace = n.oid
    JOIN (SELECT i.indexrelid, i.indrelid, i.indisprimary, information_schema._pg_expandarray(i.indkey) AS keys FROM pg_catalog.pg_index AS i) AS i ON a.attnum = (i.keys).x AND a.attrelid = i.indrelid
    JOIN pg_catalog.pg_class AS ci ON ci.oid = i.indexrelid
   WHERE true AND ct.relname = 'j' AND i.indisprimary
ORDER BY table_name, pk_name, key_seq

405:
---------------------------------------------------------------------------------------------------------------------------------------------------------------------------------------------------------------------------------------------------------------------------------------------------------------------------------------------------------------------------------------------------------------------
  SELECT NULL AS table_cat, n.nspname AS table_schem, ct.relname AS table_name, a.attname AS column_name, (i.keys).n AS key_seq, ci.relname AS pk_name
    FROM pg_catalog.pg_class AS ct JOIN pg_catalog.pg_attribute AS a ON ct.oid = a.attrelid JOIN pg_catalog.pg_namespace AS n ON ct.relnamespace = n.oid JOIN (SELECT i.indexrelid, i.indrelid, i.indisprimary, information_schema._pg_expandarray(i.indkey) AS keys FROM pg_catalog.pg_index AS i) AS i ON a.attnum = (i.keys).x AND a.attrelid = i.indrelid JOIN pg_catalog.pg_class AS ci ON ci.oid = i.indexrelid
   WHERE true AND ct.relname = 'j' AND i.indisprimary
ORDER BY table_name, pk_name, key_seq

639:
---------------------------------------------------------------------------------------------------------------------------------------------------------------------------------------------------------------------------------------------------------------------------------------------------------------------------------------------------------------------------------------------------------------------------------------------------------------------------------------------------------------------------------------------------------------------------------------------------------------------------------------------------------------
SELECT NULL AS table_cat, n.nspname AS table_schem, ct.relname AS table_name, a.attname AS column_name, (i.keys).n AS key_seq, ci.relname AS pk_name FROM pg_catalog.pg_class AS ct JOIN pg_catalog.pg_attribute AS a ON ct.oid = a.attrelid JOIN pg_catalog.pg_namespace AS n ON ct.relnamespace = n.oid JOIN (SELECT i.indexrelid, i.indrelid, i.indisprimary, information_schema._pg_expandarray(i.indkey) AS keys FROM pg_catalog.pg_index AS i) AS i ON a.attnum = (i.keys).x AND a.attrelid = i.indrelid JOIN pg_catalog.pg_class AS ci ON ci.oid = i.indexrelid WHERE true AND ct.relname = 'j' AND i.indisprimary ORDER BY table_name, pk_name, key_seq


