// Code generated by TestPretty. DO NOT EDIT.
// GENERATED FILE DO NOT EDIT
1:
-
SELECT
	'
		[
			1,
			"a",
			true,
			null,
			{
				"c":
					"blah",
				"d":
					[]
			}
		]
	':::JSONB,
	'
		{
			"\n":
				[
					"\""
				],
			"\"":
				"\\"
		}
	'::JSONB

22:
----------------------
SELECT
	'
		[
			1,
			"a",
			true,
			null,
			{
				"c":
					"blah",
				"d":
					[]
			}
		]
	':::JSONB,
	'
		{
			"\n":
				[
					"\""
				],
			"\"": "\\"
		}
	'::JSONB

23:
-----------------------
SELECT
	'
		[
			1,
			"a",
			true,
			null,
			{
				"c":
					"blah",
				"d": []
			}
		]
	':::JSONB,
	'
		{
			"\n":
				["\""],
			"\"": "\\"
		}
	'::JSONB

25:
-------------------------
SELECT
	'
		[
			1,
			"a",
			true,
			null,
			{
				"c":
					"blah",
				"d": []
			}
		]
	':::JSONB,
	'
		{
			"\n": ["\""],
			"\"": "\\"
		}
	'::JSONB

28:
----------------------------
SELECT
	'
		[
			1,
			"a",
			true,
			null,
			{
				"c": "blah",
				"d": []
			}
		]
	':::JSONB,
	'
		{
			"\n": ["\""],
			"\"": "\\"
		}
	'::JSONB

34:
----------------------------------
SELECT
	'
		[
			1,
			"a",
			true,
			null,
			{"c": "blah", "d": []}
		]
	':::JSONB,
	'
		{"\n": ["\""], "\"": "\\"}
	'::JSONB

39:
---------------------------------------
SELECT
	'
		[
			1,
			"a",
			true,
			null,
			{"c": "blah", "d": []}
		]
	':::JSONB,
	'{"\n": ["\""], "\"": "\\"}'::JSONB

52:
----------------------------------------------------
SELECT
	'
		[1, "a", true, null, {"c": "blah", "d": []}]
	':::JSONB,
	'{"\n": ["\""], "\"": "\\"}'::JSONB

59:
-----------------------------------------------------------
SELECT
	'[1, "a", true, null, {"c": "blah", "d": []}]':::JSONB,
	'{"\n": ["\""], "\"": "\\"}'::JSONB

95:
-----------------------------------------------------------------------------------------------
SELECT
	'[1, "a", true, null, {"c": "blah", "d": []}]':::JSONB, '{"\n": ["\""], "\"": "\\"}'::JSONB

98:
--------------------------------------------------------------------------------------------------
SELECT '[1, "a", true, null, {"c": "blah", "d": []}]':::JSONB, '{"\n": ["\""], "\"": "\\"}'::JSONB


