// Code generated by TestPretty. DO NOT EDIT.
// GENERATED FILE DO NOT EDIT
1:
-
SELECT
	'
		[
			1,
			"a",
			true,
			null,
			{
				"c":
					"blah",
				"d":
					[]
			}
		]
	':::JSONB,
	'
		{
			"\n":
				[
					"\""
				],
			"\"":
				"\\"
		}
	'::JSONB

8:
--------
SELECT '
		[
			1,
			"a",
			true,
			null,
			{
				"c":
					"blah",
				"d":
					[]
			}
		]
       ':::JSONB,
       '
		{
			"\n":
				[
					"\""
				],
			"\"":
				"\\"
		}
       '::JSONB

19:
-------------------
SELECT '
		[
			1,
			"a",
			true,
			null,
			{
				"c":
					"blah",
				"d":
					[]
			}
		]
       ':::JSONB,
       '
		{
			"\n": [
					"\""
			      ],
			"\"":
				"\\"
		}
       '::JSONB

22:
----------------------
SELECT '
		[
			1,
			"a",
			true,
			null,
			{
				"c":
					"blah",
				"d":
					[]
			}
		]
       ':::JSONB,
       '
		{
			"\n": [
					"\""
			      ],
			"\"": "\\"
		}
       '::JSONB

23:
-----------------------
SELECT '
		[
			1,
			"a",
			true,
			null,
			{
				"c":
					"blah",
				"d": []
			}
		]
       ':::JSONB,
       '
		{
			"\n": [
					"\""
			      ],
			"\"": "\\"
		}
       '::JSONB

25:
-------------------------
SELECT '
		[
			1,
			"a",
			true,
			null,
			{
				"c":
					"blah",
				"d": []
			}
		]
       ':::JSONB,
       '
		{
			"\n": ["\""],
			"\"": "\\"
		}
       '::JSONB

28:
----------------------------
SELECT '
		[
			1,
			"a",
			true,
			null,
			{
				"c": "blah",
				"d": []
			}
		]
       ':::JSONB,
       '
		{
			"\n": ["\""],
			"\"": "\\"
		}
       '::JSONB

34:
----------------------------------
SELECT '
		[
			1,
			"a",
			true,
			null,
			{"c": "blah", "d": []}
		]
       ':::JSONB,
       '
		{"\n": ["\""], "\"": "\\"}
       '::JSONB

42:
------------------------------------------
SELECT '
		[
			1,
			"a",
			true,
			null,
			{"c": "blah", "d": []}
		]
       ':::JSONB,
       '{"\n": ["\""], "\"": "\\"}'::JSONB

52:
----------------------------------------------------
SELECT '
		[1, "a", true, null, {"c": "blah", "d": []}]
       ':::JSONB,
       '{"\n": ["\""], "\"": "\\"}'::JSONB

62:
--------------------------------------------------------------
SELECT '[1, "a", true, null, {"c": "blah", "d": []}]':::JSONB,
       '{"\n": ["\""], "\"": "\\"}'::JSONB

98:
--------------------------------------------------------------------------------------------------
SELECT '[1, "a", true, null, {"c": "blah", "d": []}]':::JSONB, '{"\n": ["\""], "\"": "\\"}'::JSONB


